Harshita@DESKTOP-3OFEE2E MINGW64 ~/Zemoso-internship/git-katas (3-way-merge)
$ cd amend

Harshita@DESKTOP-3OFEE2E MINGW64 ~/Zemoso-internship/git-katas/amend (3-way-merge)
$ source setup.sh
Initialized empty Git repository in C:/Users/Harshita/Zemoso-internship/git-katas/amend/exercise/.git/
warning: in the working copy of 'foo.txt', LF will be replaced by CRLF the next time Git touches it
[master (root-commit) b6a6acc] feature 73
 1 file changed, 1 insertion(+)
 create mode 100644 foo.txt

Harshita@DESKTOP-3OFEE2E MINGW64 ~/Zemoso-internship/git-katas/amend/exercise (master)
$ git status
On branch master
Untracked files:
  (use "git add <file>..." to include in what will be committed)
        bar.txt

nothing added to commit but untracked files present (use "git add" to track)

Harshita@DESKTOP-3OFEE2E MINGW64 ~/Zemoso-internship/git-katas/amend/exercise (master)
$ git log -p
commit b6a6acc742ca944f9ee97319e8eeb5ab3cd5a37a (HEAD -> master)
Author: Harshita Konda <harshita.konda@zemosolabs.com>
Date:   Wed Nov 9 21:51:23 2022 +0530

    feature 73

diff --git a/foo.txt b/foo.txt
new file mode 100644
index 0000000..257cc56
--- /dev/null
+++ b/foo.txt
@@ -0,0 +1 @@
+foo

Harshita@DESKTOP-3OFEE2E MINGW64 ~/Zemoso-internship/git-katas/amend/exercise (master)
$ git add bar.txt
warning: in the working copy of 'bar.txt', LF will be replaced by CRLF the next time Git touches it

Harshita@DESKTOP-3OFEE2E MINGW64 ~/Zemoso-internship/git-katas/amend/exercise (master)
$ git commit --amend
[master 2e586b3] feature 73
 Date: Wed Nov 9 21:51:23 2022 +0530
 2 files changed, 2 insertions(+)
 create mode 100644 bar.txt
 create mode 100644 foo.txt

Harshita@DESKTOP-3OFEE2E MINGW64 ~/Zemoso-internship/git-katas/amend/exercise (master)
$ git lop -p
git: 'lop' is not a git command. See 'git --help'.

The most similar command is
        log

Harshita@DESKTOP-3OFEE2E MINGW64 ~/Zemoso-internship/git-katas/amend/exercise (master)
$ git log -p
commit 2e586b3d51cbdf5201608e6116b8d5d2ebc6e974 (HEAD -> master)
Author: Harshita Konda <harshita.konda@zemosolabs.com>
Date:   Wed Nov 9 21:51:23 2022 +0530

    feature 73

diff --git a/bar.txt b/bar.txt
new file mode 100644
index 0000000..5716ca5
--- /dev/null
+++ b/bar.txt
@@ -0,0 +1 @@
+bar
diff --git a/foo.txt b/foo.txt
new file mode 100644
index 0000000..257cc56

Harshita@DESKTOP-3OFEE2E MINGW64 ~/Zemoso-internship/git-katas/amend/exercise (master)
$ git commit --amend
[master adc3c7f] feature 73
 Date: Wed Nov 9 21:51:23 2022 +0530
 2 files changed, 2 insertions(+)
 create mode 100644 bar.txt
 create mode 100644 foo.txt
