Harshita@DESKTOP-3OFEE2E MINGW64 ~/Zemoso-internship/git-katas (3-way-merge)
$ cd merge-mergesort

Harshita@DESKTOP-3OFEE2E MINGW64 ~/Zemoso-internship/git-katas/merge-mergesort (3-way-merge)
$ source setup.sh
Initialized empty Git repository in C:/Users/Harshita/Zemoso-internship/git-katas/merge-mergesort/exercise/.git/
warning: in the working copy of 'mergesort.py', LF will be replaced by CRLF the next time Git touches it
[master (root-commit) cb93c2e] Fake it till you make it - Faking mergesort using python .sort() method
 1 file changed, 5 insertions(+)
 create mode 100644 mergesort.py
Switched to a new branch 'Mergesort-Impl'
warning: in the working copy of 'mergesort.py', LF will be replaced by CRLF the next time Git touches it
[Mergesort-Impl cef1d85] Mergesort implemented on feature branch
 1 file changed, 43 insertions(+), 3 deletions(-)
Switched to branch 'master'
warning: in the working copy of 'mergesort.py', LF will be replaced by CRLF the next time Git touches it
[master acaf456] Mergesort implemented on master
 1 file changed, 43 insertions(+), 3 deletions(-)

Harshita@DESKTOP-3OFEE2E MINGW64 ~/Zemoso-internship/git-katas/merge-mergesort/exercise (master)
$ git branch
  Mergesort-Impl
* master

Harshita@DESKTOP-3OFEE2E MINGW64 ~/Zemoso-internship/git-katas/merge-mergesort/exercise (master)
$ git merge Mergesort-Impl
Auto-merging mergesort.py
CONFLICT (content): Merge conflict in mergesort.py
Automatic merge failed; fix conflicts and then commit the result.

Harshita@DESKTOP-3OFEE2E MINGW64 ~/Zemoso-internship/git-katas/merge-mergesort/exercise (master|MERGING)
$ git status
On branch master
You have unmerged paths.
  (fix conflicts and run "git commit")
  (use "git merge --abort" to abort the merge)

Unmerged paths:
  (use "git add <file>..." to mark resolution)
        both modified:   mergesort.py

no changes added to commit (use "git add" and/or "git commit -a")

Harshita@DESKTOP-3OFEE2E MINGW64 ~/Zemoso-internship/git-katas/merge-mergesort/exercise (master|MERGING)
$ git add -a
error: unknown switch `a'
usage: git add [<options>] [--] <pathspec>...

    -n, --dry-run         dry run
    -v, --verbose         be verbose

    -i, --interactive     interactive picking
    -p, --patch           select hunks interactively
    -e, --edit            edit current diff and apply
    -f, --force           allow adding otherwise ignored files
    -u, --update          update tracked files
    --renormalize         renormalize EOL of tracked files (implies -u)
    -N, --intent-to-add   record only the fact that the path will be added later
    -A, --all             add changes from all tracked and untracked files
    --ignore-removal      ignore paths removed in the working tree (same as --no-all)
    --refresh             don't add, only refresh the index
    --ignore-errors       just skip files which cannot be added because of errors
    --ignore-missing      check if - even missing - files are ignored in dry run
    --sparse              allow updating entries outside of the sparse-checkout cone
    --chmod (+|-)x        override the executable bit of the listed files
    --pathspec-from-file <file>
                          read pathspec from file
    --pathspec-file-nul   with --pathspec-from-file, pathspec elements are separated with NUL character


Harshita@DESKTOP-3OFEE2E MINGW64 ~/Zemoso-internship/git-katas/merge-mergesort/exercise (master|MERGING)
$ git add -A

Harshita@DESKTOP-3OFEE2E MINGW64 ~/Zemoso-internship/git-katas/merge-mergesort/exercise (master|MERGING)
$ git commit -m "merge-conflict"
[master f02f7eb] merge-conflict

Harshita@DESKTOP-3OFEE2E MINGW64 ~/Zemoso-internship/git-katas/merge-mergesort/exercise (master)
$ git merge Mergesort-Impl
Already up to date.

Harshita@DESKTOP-3OFEE2E MINGW64 ~/Zemoso-internship/git-katas/merge-mergesort/exercise (master)
$ git mergetool --tool=vimdiff
No files need merging

Harshita@DESKTOP-3OFEE2E MINGW64 ~/Zemoso-internship/git-katas/merge-mergesort/exercise (master)
$ git status
On branch master
nothing to commit, working tree clean
