Harshita@DESKTOP-3OFEE2E MINGW64 ~/Zemoso-internship (master)
$ cd git-katas

Harshita@DESKTOP-3OFEE2E MINGW64 ~/Zemoso-internship/git-katas (3-way-merge)
$ cd reorder-the-history

Harshita@DESKTOP-3OFEE2E MINGW64 ~/Zemoso-internship/git-katas/reorder-the-history (3-way-merge)
$ source setup.sh
Initialized empty Git repository in C:/Users/Harshita/Zemoso-internship/git-katas/reorder-the-history/remote/
Cloning into 'exercise'...
warning: You appear to have cloned an empty repository.
done.
warning: in the working copy of 'foo.txt', LF will be replaced by CRLF the next time Git touches it
[master (root-commit) 0d54f1d] Initial commit
 1 file changed, 1 insertion(+)
 create mode 100644 foo.txt
Enumerating objects: 3, done.
Counting objects: 100% (3/3), done.
Writing objects: 100% (3/3), 228 bytes | 76.00 KiB/s, done.
Total 3 (delta 0), reused 0 (delta 0), pack-reused 0
To C:/Users/Harshita/Zemoso-internship/git-katas/reorder-the-history/./remote
 * [new branch]      master -> master
Enumerating objects: 1, done.
Counting objects: 100% (1/1), done.
Writing objects: 100% (1/1), 170 bytes | 170.00 KiB/s, done.
Total 1 (delta 0), reused 0 (delta 0), pack-reused 0
To C:/Users/Harshita/Zemoso-internship/git-katas/reorder-the-history/./remote
 * [new tag]         START -> START
warning: in the working copy of 'file1', LF will be replaced by CRLF the next time Git touches it
[master 608a099] file1
 1 file changed, 1 insertion(+)
 create mode 100644 file1
warning: in the working copy of 'file9', LF will be replaced by CRLF the next time Git touches it
[master 705ea9b] file9
 1 file changed, 1 insertion(+)
 create mode 100644 file9
warning: in the working copy of 'file8', LF will be replaced by CRLF the next time Git touches it
[master 8c2197e] file8
 1 file changed, 1 insertion(+)
 create mode 100644 file8
warning: in the working copy of 'file3', LF will be replaced by CRLF the next time Git touches it
[master 014bcc5] file3
 1 file changed, 1 insertion(+)
 create mode 100644 file3
warning: in the working copy of 'file4', LF will be replaced by CRLF the next time Git touches it
[master d6d3941] file4
 1 file changed, 1 insertion(+)
 create mode 100644 file4
warning: in the working copy of 'file5', LF will be replaced by CRLF the next time Git touches it
[master 3089ee6] file5
 1 file changed, 1 insertion(+)
 create mode 100644 file5
warning: in the working copy of 'file2', LF will be replaced by CRLF the next time Git touches it
[master e969665] file2
 1 file changed, 1 insertion(+)
 create mode 100644 file2
warning: in the working copy of 'file6', LF will be replaced by CRLF the next time Git touches it
[master 6fea7ee] file6
 1 file changed, 1 insertion(+)
 create mode 100644 file6
warning: in the working copy of 'file7', LF will be replaced by CRLF the next time Git touches it
[master b05fde8] file7
 1 file changed, 1 insertion(+)
 create mode 100644 file7

Harshita@DESKTOP-3OFEE2E MINGW64 ~/Zemoso-internship/git-katas/reorder-the-history/exercise (master)
$ git log --oneline --graph
* b05fde8 (HEAD -> master) file7
* 6fea7ee file6
* e969665 file2
* 3089ee6 file5
* d6d3941 file4
* 014bcc5 file3
* 8c2197e file8
* 705ea9b file9
* 608a099 file1
* 0d54f1d (tag: START, origin/master) Initial commit

Harshita@DESKTOP-3OFEE2E MINGW64 ~/Zemoso-internship/git-katas/reorder-the-history/exercise (master)
$ git rebase -i HEAD~9
Successfully rebased and updated refs/heads/master.

Harshita@DESKTOP-3OFEE2E MINGW64 ~/Zemoso-internship/git-katas/reorder-the-history/exercise (master)
$ git log --oneline --graph
* 2e3e218 (HEAD -> master) file9
* 8ef2ac9 file8
* d175304 file7
* e387872 file6
* 3a54bef file5
* 95f35e5 file4
* d293590 file3
* 63331f3 file2
* 608a099 file1
* 0d54f1d (tag: START, origin/master) Initial commit
